// Jest Snapshot v1, https://goo.gl/fbAQLP

exports[`ProgressBar should create the default component 1`] = `
<div
  class="progress-bar is-infinite svelte-qns1so"
  style="background-color: rgb(110, 191, 26); height: 6px;"
>
  <div
    class="progress svelte-qns1so"
  />
</div>
`;
